To honour the JVM settings for this build a single-use Daemon process will be forked. For more on this, please refer to https://docs.gradle.org/9.2.1/userguide/gradle_daemon.html#sec:disabling_the_daemon in the Gradle documentation.
Daemon will be stopped at the end of the build 

> Configure project :
Fabric Loom: 1.10.2
:remapping 54 mods from modImplementation (java-api)
:remapping 6 mods from modCompileOnly (java-api)

Cannot remap setShaderTexture because it does not exists in any of the targets [com/mojang/blaze3d/systems/RenderSystem]

> Configure project :
:remapping sources

> Task :clean

> Task :compileJava
Note: /home/ubuntu/shine_publish_repo/src/main/java/com/bloom/mixin/client/EntityRendererBloomSelectionMixin.java uses unchecked or unsafe operations.
Note: Recompile with -Xlint:unchecked for details.

> Task :processResources
> Task :classes
> Task :compileTestJava
> Task :jar
> Task :processIncludeJars

> Task :cleanClientAudit
clean_client_paths_checked=3
errors=0

> Task :configIntegrationAudit
config_integration_checks=10
errors=0

> Task :glslOutputAudit
entity_fragment_outputs=11
particle_fragment_outputs=1
errors=0

> Task :mixinEnvironmentAudit
client_mixins=13
common_mixins=0
errors=0

> Task :sourcesJar
> Task :processTestResources NO-SOURCE
> Task :testClasses

> Task :portPipelineTest
PortPipelineTest: PASS

> Task :postChainGraphAudit
passes=8
targets=4
errors=0

> Task :remapWarningAudit
java_sources_checked=28
obsolete_api_refs=0
errors=0

> Task :renderCallbackAudit
render_callbacks_checked=2
errors=0

> Task :resourceHookAudit
particle_definitions=84
post_chain_resources=1
world_render_hooks=2
errors=0

> Task :runtimeCallbackAudit
runtime_callback_checks=12
errors=0

> Task :runtimeHardeningAudit
common_sources_checked=3
legacy_sources_archived=2
errors=0

> Task :shaderOverlayAudit
entity_fragment_overlays=11
entity_program_overlays=11
particle_overlay=1
errors=0

> Task :test SKIPPED
> Task :validateAccessWidener NO-SOURCE

> Task :visualResourceAudit
json_files=116
asset_files=1443
errors=0

> Task :remapJar

> Task :artifactParityAudit
source_resource_count=1445
jar_file_count=1481
missing_resource_count=0
required_resources=PASS

> Task :cleanRuntimeAudit
common_classes_checked=2
errors=0

> Task :finalMetadataAudit
artifact=shine-fabric-1.20.1-1.0.1.jar
expanded_version=1.0.1
minecraft=1.20.1
errors=0

> Task :remapSourcesJar

> Task :packageCleanlinessAudit
mod_jar_clean=PASS
jar_entries=1601
source_jar_entries=1598
errors=0

> Task :remappedArtifactAudit FAILED
remapped_artifact_checked=1
source_java_count=28
errors=1
expanded artifact version mismatch

[Incubating] Problems report is available at: file:///home/ubuntu/shine_publish_repo/build/reports/problems/problems-report.html

FAILURE: Build failed with an exception.

* What went wrong:
Execution failed for task ':remappedArtifactAudit'.
> Process 'command 'python3'' finished with non-zero exit value 1

* Try:
> Run with --stacktrace option to get the stack trace.
> Run with --info or --debug option to get more log output.
> Run with --scan to generate a Build Scan (powered by Develocity).
> Get more help at https://help.gradle.org.

BUILD FAILED in 1m 11s
27 actionable tasks: 27 executed
